../Core/Src/boardtrx.c:52:17:BOARDTRX_Init	32	static
../Core/Src/boardtrx.c:141:17:BOARDTRX_CmdSend	24	static
../Core/Src/boardtrx.c:176:21:BOARDTRX_CmdGetStatus	16	static
../Core/Src/boardtrx.c:188:6:BOARDTRX_CmdClearStatus	16	static
../Core/Src/boardtrx.c:194:17:BOARDTRX_DataRequestAll	64	static
../Core/Src/boardtrx.c:208:17:BOARDTRX_DataRequest	24	static
../Core/Src/boardtrx.c:224:17:BOARDTRX_Loop	32	static
../Core/Src/boardtrx.c:300:17:BOARDTRX_ProcessTx	32	static
../Core/Src/boardtrx.c:381:17:BOARDTRX_ProcessRx	32	static
../Core/Src/boardtrx.c:591:9:BOARDTRX_CheckCRC	32	static
../Core/Src/boardtrx.c:598:10:BOARDTRX_CalcCRC	32	static
../Core/Src/boardtrx.c:615:17:BOARDTRX_AddToQue	32	static
../Core/Src/boardtrx.c:671:9:BOARDTRX_GetFromQue	24	static
../Core/Src/boardtrx.c:708:6:BOARDTRX_ClearFromQue	16	static
../Core/Src/boardtrx.c:726:17:BOARDTRX_UART_Send	40	static
../Core/Src/boardtrx.c:791:6:BOARDTRX_UART_RXERROR_CB	8	static
../Core/Src/boardtrx.c:800:6:BOARDTRX_UART_RX_CB	8	static
