../Core/Src/gps.c:24:9:GPS_init_Uart	16	static
../Core/Src/gps.c:40:19:GPS_SetBaudrate	64	static
../Core/Src/gps.c:132:19:GPS_SetDynamicModel	88	static
../Core/Src/gps.c:217:19:GPS_GetDynamicModel	72	static
../Core/Src/gps.c:243:19:GPS_GetBaudRate	72	static
../Core/Src/gps.c:269:6:GPS_ChecksumUBLOX	32	static
../Core/Src/gps.c:284:6:GPS_Receive	16	static
../Core/Src/gps.c:296:9:GPS_parse_comma_delimited_str	32	static
../Core/Src/gps.c:307:19:GPS_Parse	112	static
../Core/Src/gps.c:501:19:GPS_CheckSum	24	static
../Core/Src/gps.c:521:9:GPS_message_checksum	24	static
../Core/Src/gps.c:530:19:GPS_HexToByte	32	static
../Core/Src/gps.c:550:6:GPS_GetLat	24	static
../Core/Src/gps.c:558:6:GPS_GetLon	24	static
../Core/Src/gps.c:566:6:GPS_GetSpeed	24	static
../Core/Src/gps.c:574:6:GPS_GetHei	24	static
../Core/Src/gps.c:583:6:GPS_GetTime	24	static
../Core/Src/gps.c:593:6:GPS_GetTimeFull	24	static
../Core/Src/gps.c:608:6:GPS_GetYear	24	static
../Core/Src/gps.c:616:6:GPS_GetMonth	24	static
../Core/Src/gps.c:624:6:GPS_GetDate	24	static
../Core/Src/gps.c:632:19:GPS_IsData	8	static
../Core/Src/gps.c:642:19:GPS_IsNewData	8	static
