../Core/Src/hq.c:158:18:HQ_Init	56	static
../Core/Src/hq.c:250:18:HQ_Loop	48	static
../Core/Src/hq.c:289:6:HQ_VAR_Process	56	static
../Core/Src/hq.c:333:6:HQ_CMD_Process	56	static
../Core/Src/hq.c:386:9:HQ_VAR_Send	48	static
../Core/Src/hq.c:430:9:HQ_CMD_Send	24	static
../Core/Src/hq.c:448:18:HQ_UART_Send_Packet	296	static
../Core/Src/hq.c:479:18:HQ_UART_Request	24	static
../Core/Src/hq.c:503:18:HQ_UART_Receive_Packet	8	static
../Core/Src/hq.c:525:18:HQ_SI_Process_Data	40	static
../Core/Src/hq.c:617:18:HQ_SI_Send	48	static
../Core/Src/hq.c:648:6:HQ_UART_RX_CallBack	8	static
../Core/Src/hq.c:653:6:HQ_SI_RX_CallBack	8	static
../Core/Src/hq.c:660:10:HQ_CalcCRC	32	static
../Core/Src/hq.c:673:6:HQ_UART_RequestCallBack	8	static
