../Core/Src/main.c:101:5:main	112	static
../Core/Src/main.c:308:6:SystemClock_Config	88	static
../Core/Src/main.c:345:13:MX_CRC_Init	8	static
../Core/Src/main.c:374:13:MX_SPI1_Init	8	static
../Core/Src/main.c:412:13:MX_USART1_UART_Init	8	static
../Core/Src/main.c:455:13:MX_USART2_UART_Init	8	static
../Core/Src/main.c:498:13:MX_USART3_UART_Init	8	static
../Core/Src/main.c:532:13:MX_USART4_UART_Init	8	static
../Core/Src/main.c:564:13:MX_DMA_Init	16	static
../Core/Src/main.c:584:13:MX_GPIO_Init	48	static
../Core/Src/main.c:643:6:MAIN_HQ_Response	8	static
../Core/Src/main.c:647:6:HAL_GPIO_EXTI_Falling_Callback	16	static
../Core/Src/main.c:653:6:HAL_UART_RxCpltCallback	16	static
../Core/Src/main.c:662:6:HAL_UART_ErrorCallback	16	static
../Core/Src/main.c:669:5:__io_putchar	16	static
../Core/Src/main.c:683:6:Error_Handler	8	static,ignoring_inline_asm
