../Core/Src/main.c:95:5:__io_putchar	16	static
../Core/Src/main.c:106:5:main	72	static
../Core/Src/main.c:186:6:SystemClock_Config	88	static
../Core/Src/main.c:233:13:MX_ADC1_Init	24	static
../Core/Src/main.c:301:13:MX_CRC_Init	8	static
../Core/Src/main.c:332:13:MX_LPUART1_UART_Init	8	static
../Core/Src/main.c:380:13:MX_USART1_UART_Init	8	static
../Core/Src/main.c:428:13:MX_USART3_UART_Init	8	static
../Core/Src/main.c:464:13:MX_USART4_UART_Init	8	static
../Core/Src/main.c:500:13:MX_SPI1_Init	8	static
../Core/Src/main.c:540:13:MX_TIM15_Init	40	static
../Core/Src/main.c:584:13:MX_DMA_Init	16	static
../Core/Src/main.c:602:13:MX_GPIO_Init	48	static
../Core/Src/main.c:653:20:process_adc_buffer	40	static
../Core/Src/main.c:675:6:calculate_calibration	32	static
../Core/Src/main.c:687:6:HAL_ADC_ConvHalfCpltCallback	16	static
../Core/Src/main.c:691:6:HAL_ADC_ConvCpltCallback	16	static
../Core/Src/main.c:700:6:Error_Handler	8	static,ignoring_inline_asm
